[sharegpt:an_b6_shallow rep0] C=6 isl=1024: 6/6 na
[sharegpt:an_b6_shallow rep1] C=6 isl=1024: 6/6 na
[sharegpt:an_b6_shallow rep2] C=6 isl=1024: 6/6 na
[sharegpt:an_b6_deep rep0] C=6 isl=65408: 6/6 na
[sharegpt:an_b6_deep rep1] C=6 isl=65408: 6/6 na
[sharegpt:an_b20_16k rep0] C=20 isl=16256: 20/20 na
[sharegpt:an_b20_16k rep1] C=20 isl=16256: 20/20 na
[sharegpt:an_b20_16k rep2] C=20 isl=16256: 20/20 na
[sharegpt:ctrl_b32 rep0] C=32 isl=4096: 32/32 na
[sharegpt:ctrl_b32 rep1] C=32 isl=4096: 32/32 na
[sharegpt:an_b513_eager rep0] 进场参差,重试 1/3
[sharegpt:an_b513_eager rep0] 进场参差,重试 2/3
[sharegpt:an_b513_eager rep0] C=513 isl=1: 513/513 ragged
[sharegpt:an_b513_eager rep1] 进场参差,重试 1/3
[sharegpt:an_b513_eager rep1] 进场参差,重试 2/3
[sharegpt:an_b513_eager rep1] C=513 isl=1: 513/513 ragged
[sharegpt:an_b512_cap rep0] C=512 isl=4096: 512/512 na
CONTENT-DRIVER-DONE pass=sharegpt
[random:an_b6_shallow rep0] C=6 isl=1024: 6/6 na
[random:an_b6_shallow rep1] C=6 isl=1024: 6/6 na
[random:an_b6_shallow rep2] C=6 isl=1024: 6/6 na
[random:an_b6_deep rep0] C=6 isl=65408: 6/6 na
[random:an_b6_deep rep1] C=6 isl=65408: 6/6 na
[random:an_b20_16k rep0] C=20 isl=16256: 20/20 na
[random:an_b20_16k rep1] C=20 isl=16256: 20/20 na
[random:an_b20_16k rep2] C=20 isl=16256: 20/20 na
[random:ctrl_b32 rep0] C=32 isl=4096: 31/32 na
[random:ctrl_b32 rep1] C=32 isl=4096: 32/32 na
[random:an_b513_eager rep0] 进场参差,重试 1/3
[random:an_b513_eager rep0] 进场参差,重试 2/3
[random:an_b513_eager rep0] C=513 isl=1: 513/513 ragged
[random:an_b513_eager rep1] 进场参差,重试 1/3
[random:an_b513_eager rep1] 进场参差,重试 2/3
[random:an_b513_eager rep1] C=513 isl=1: 513/513 ragged
[random:an_b512_cap rep0] C=512 isl=4096: 512/512 na
CONTENT-DRIVER-DONE pass=random
[sharegpt2:an_b6_shallow rep0] C=6 isl=1024: 6/6 na
[sharegpt2:an_b6_shallow rep1] C=6 isl=1024: 6/6 na
[sharegpt2:an_b6_shallow rep2] C=6 isl=1024: 6/6 na
[sharegpt2:an_b6_deep rep0] C=6 isl=65408: 6/6 na
[sharegpt2:an_b6_deep rep1] C=6 isl=65408: 6/6 na
[sharegpt2:an_b20_16k rep0] C=20 isl=16256: 20/20 na
[sharegpt2:an_b20_16k rep1] C=20 isl=16256: 20/20 na
[sharegpt2:an_b20_16k rep2] C=20 isl=16256: 20/20 na
[sharegpt2:ctrl_b32 rep0] C=32 isl=4096: 32/32 na
[sharegpt2:ctrl_b32 rep1] C=32 isl=4096: 32/32 na
[sharegpt2:an_b513_eager rep0] 进场参差,重试 1/3
[sharegpt2:an_b513_eager rep0] 进场参差,重试 2/3
[sharegpt2:an_b513_eager rep0] C=513 isl=1: 513/513 ragged
[sharegpt2:an_b513_eager rep1] 进场参差,重试 1/3
[sharegpt2:an_b513_eager rep1] 进场参差,重试 2/3
[sharegpt2:an_b513_eager rep1] C=513 isl=1: 513/513 ragged
[sharegpt2:an_b512_cap rep0] C=512 isl=4096: 512/512 na
CONTENT-DRIVER-DONE pass=sharegpt2
